// Jest Snapshot v1, https://goo.gl/fbAQLP

exports[`Headline component should render correctly 1`] = `
.c0 {
  color: #222222;
  font-family: ReithSerifNewsMedium,Helvetica,Arial,sans-serif;
  margin: 0;
  padding: 2rem 0 1rem 0;
  font-size: 1.75em;
  line-height: 2rem;
}

@media (min-width:20em) and (max-width:37.4375em) {
  .c0 {
    font-size: 2em;
    line-height: 2.25rem;
  }
}

@media (min-width:37.5em) {
  .c0 {
    font-size: 2.75em;
    line-height: 3rem;
  }
}

<h1
  className="c0"
>
  This is my headline.
</h1>
`;

exports[`SubHeading component attribute id should render without double quotes 1`] = `
.c0 {
  color: #404040;
  font-family: ReithSansNewsRegular,Helvetica,Arial,sans-serif;
  margin: 0;
  padding: 1rem 0;
  font-weight: 400;
  font-size: 1.25em;
  line-height: 1.5rem;
}

@media (min-width:20em) and (max-width:37.4375em) {
  .c0 {
    font-size: 1.5em;
    line-height: 1.75rem;
  }
}

@media (min-width:37.5em) {
  .c0 {
    font-size: 2em;
    line-height: 2.25rem;
  }
}

<h2
  className="c0"
  id="This-is-a-SubHeading"
  tabIndex="-1"
>
  This is a SubHeading
</h2>
`;

exports[`SubHeading component attribute id should render without exclamation marks 1`] = `
.c0 {
  color: #404040;
  font-family: ReithSansNewsRegular,Helvetica,Arial,sans-serif;
  margin: 0;
  padding: 1rem 0;
  font-weight: 400;
  font-size: 1.25em;
  line-height: 1.5rem;
}

@media (min-width:20em) and (max-width:37.4375em) {
  .c0 {
    font-size: 1.5em;
    line-height: 1.75rem;
  }
}

@media (min-width:37.5em) {
  .c0 {
    font-size: 2em;
    line-height: 2.25rem;
  }
}

<h2
  className="c0"
  id="This-is-a-SubHeading"
  tabIndex="-1"
>
  This is a SubHeading
</h2>
`;

exports[`SubHeading component attribute id should render without quotes 1`] = `
.c0 {
  color: #404040;
  font-family: ReithSansNewsRegular,Helvetica,Arial,sans-serif;
  margin: 0;
  padding: 1rem 0;
  font-weight: 400;
  font-size: 1.25em;
  line-height: 1.5rem;
}

@media (min-width:20em) and (max-width:37.4375em) {
  .c0 {
    font-size: 1.5em;
    line-height: 1.75rem;
  }
}

@media (min-width:37.5em) {
  .c0 {
    font-size: 2em;
    line-height: 2.25rem;
  }
}

<h2
  className="c0"
  id="This-is-a-SubHeading"
  tabIndex="-1"
>
  This is a SubHeading
</h2>
`;

exports[`SubHeading component should render correctly 1`] = `
.c0 {
  color: #404040;
  font-family: ReithSansNewsRegular,Helvetica,Arial,sans-serif;
  margin: 0;
  padding: 1rem 0;
  font-weight: 400;
  font-size: 1.25em;
  line-height: 1.5rem;
}

@media (min-width:20em) and (max-width:37.4375em) {
  .c0 {
    font-size: 1.5em;
    line-height: 1.75rem;
  }
}

@media (min-width:37.5em) {
  .c0 {
    font-size: 2em;
    line-height: 2.25rem;
  }
}

<h2
  className="c0"
  id="This-is-a-SubHeading"
  tabIndex="-1"
>
  This is a SubHeading
</h2>
`;
